// Jest Snapshot v1, https://goo.gl/fbAQLP

exports[`Flask should render 1`] = `
preact-render-spy (1 nodes)
-------
<article class="flask">
  <h2>flask</h2>
  <label for="flask-preset">preset</label>
  <select
    name="flask-preset"
    value="3.5 X 10"
    onChange={[Function anonymous]}
  >
    <option selected={false}>3.5 X 5</option>
    <option selected={true}>3.5 X 10</option>
    <option selected={false}>4 x 10</option>
    <option selected={false}>4 x 14</option>
    <option selected={false}>Custom</option>
  </select>
  <fieldset>
    <label for="flask-diameter">diameter</label>
    <input
      name="flask-diameter"
      type="number"
      step="0.1"
      value={3.5}
      onChange={[Function anonymous]}
     />
    </input>
    <label for="flask-height">height</label>
    <input
      name="flask-height"
      type="number"
      step="0.1"
      value={10}
      onChange={[Function anonymous]}
     />
    </input>
  </fieldset>
</article>

`;
